// Vitest Snapshot v1, https://vitest.dev/guide/snapshot.html

exports[`Footer > Footer is rendered 1`] = `
<div>
  <footer
    class="sc-FEMpB ilqcrT"
  >
    Created By
     
    <a
      href="https://github.com/YousifTheKind"
      target="_blank"
    >
      Yousif Eltayeb
    </a>
  </footer>
</div>
`;
